Microchip MPLAB XC8 Compiler V3.00

Linker command line:

-W-3 \
  --edf=C:\Program Files\Microchip\xc8\v3.00\pic\dat\20241204225717_en.msgs \
  -cn -h+dist/default/production\class4_BAT.X.production.sym \
  --cmf=dist/default/production\class4_BAT.X.production.cmf -z -Q16F877A \
  -oC:\Users\dell\AppData\Local\Temp\xcAs2fo.\driver_tmp_3.o \
  --defsym=__MPLAB_BUILD=1 --fixupoverflow=error \
  -Mdist/default/production/class4_BAT.X.production.map \
  --md=C:\Users\dell\AppData\Local\Temp\xcAs2fo.\driver_tmp_0.dat -E1 \
  -ver=XC8 Compiler -ACODE=00h-07FFhx4 -ASTRCODE=00h-01FFFh \
  -ASTRING=00h-0FFhx32 -ACONST=00h-0FFhx32 -AENTRY=00h-0FFhx32 \
  -ACOMMON=070h-07Fh -ABANK0=020h-06Fh -ABANK1=0A0h-0EFh \
  -ABANK2=0110h-016Fh -ABANK3=0190h-01EFh \
  -ARAM=020h-06Fh,0A0h-0EFh,0110h-016Fh,0190h-01EFh \
  -AABS1=020h-07Fh,0A0h-0EFh,0110h-016Fh,0190h-01EFh -ASFR0=00h-01Fh \
  -ASFR1=080h-09Fh -ASFR2=0100h-010Fh -ASFR3=0180h-018Fh \
  -ACONFIG=02007h-02007h -DCONFIG=2 -AIDLOC=02000h-02003h -DIDLOC=2 \
  -AEEDATA=00h-0FFh/02100h -peeprom_data=EEDATA -DEEDATA=2 -DCODE=2 \
  -DSTRCODE=2 -DSTRING=2 -DCONST=2 -DENTRY=2 \
  -preset_vec=00h,intentry,sivt,init,end_init -ppowerup=CODE -pcinit=CODE \
  -pfunctab=ENTRY -k \
  C:\Users\dell\AppData\Local\Temp\xcAs2fo.\driver_tmp_12.o \
  dist/default/production\class4_BAT.X.production.o 

Object code version is 3.11

Machine type is 16F877A



                Name                               Link     Load   Length Selector   Space Scale
C:\Users\dell\AppData\Local\Temp\xcAs2fo.\driver_tmp_12.o
                end_init                              0        0        3        0       0
                config                             2007     2007        1        0       4
dist/default/production\class4_BAT.X.production.o
                cinit                               7E8      7E8       18      FD0       0
                config                             2007     2007        1        0       4
                text15                              24A      24A      25C      494       0
                text14                              D24      D24       24     1A48       0
                text13                              CF4      CF4       14     19E8       0
                text12                              CBB      CBB       13     1976       0
                text11                              D08      D08       1C     1A10       0
                text10                              EB7      EB7       A2     1D6E       0
                text9                                6E       6E       C0       DC       0
                text8                                 B        B       63       16       0
                text7                               D6F      D6F       59     1ADE       0
                text6                               D48      D48       27     1A90       0
                text5                               4A6      4A6      342      94C       0
                text4                               DC8      DC8       76     1B90       0
                text3                               F59      F59       A7     1EB2       0
                text2                               12E      12E      11C      25C       0
                text1                               E3E      E3E       79     1C7C       0
                maintext                            CAD      CAD        E     195A       0
                cstackBANK0                          20       20       2D       20       1
                cstackCOMMON                         70       70        E       70       1
                inittext                            CCE      CCE       13     199C       0
                dataBANK0                            4D       4D       13       20       1
                bssBANK0                             60       60        6       20       1
                strings                             800      800       33     1000       0
                idataBANK0                          CE1      CE1       13     19C2       0

TOTAL           Name                               Link     Load   Length     Space
        CLASS   CODE           
                end_init                              0        0        3         0
                cinit                               7E8      7E8       18         0
                text15                              24A      24A      25C         0
                text14                              D24      D24       24         0
                text13                              CF4      CF4       14         0
                text12                              CBB      CBB       13         0
                text11                              D08      D08       1C         0
                text10                              EB7      EB7       A2         0
                text9                                6E       6E       C0         0
                text8                                 B        B       63         0
                text7                               D6F      D6F       59         0
                text6                               D48      D48       27         0
                text5                               4A6      4A6      342         0
                text4                               DC8      DC8       76         0
                text3                               F59      F59       A7         0
                text2                               12E      12E      11C         0
                text1                               E3E      E3E       79         0
                maintext                            CAD      CAD        E         0
                inittext                            CCE      CCE       13         0
                idataBANK0                          CE1      CE1       13         0

        CLASS   STRCODE        

        CLASS   STRING         
                strings                             800      800       33         0

        CLASS   CONST          

        CLASS   ENTRY          

        CLASS   COMMON         
                cstackCOMMON                         70       70        E         1

        CLASS   BANK0          
                cstackBANK0                          20       20       2D         1
                dataBANK0                            4D       4D       13         1
                bssBANK0                             60       60        6         1

        CLASS   BANK1          

        CLASS   BANK2          

        CLASS   BANK3          

        CLASS   RAM            

        CLASS   ABS1           
                abs_s1                               7E       7E        2         1

        CLASS   SFR0           

        CLASS   SFR1           

        CLASS   SFR2           

        CLASS   SFR3           

        CLASS   CONFIG         
                config                             2007     2007        1         4

        CLASS   IDLOC          

        CLASS   EEDATA         

        CLASS   HEAP           

        CLASS   STACK          



SEGMENTS        Name                           Load    Length   Top    Selector   Space  Class     Delta

                reset_vec                      000000  000003  000003         0       0  CODE        2
                text8                          00000B  000063  00006E        16       0  CODE        2
                cstackBANK0                    000020  000046  000066        20       1  BANK0       1
                cstackCOMMON                   000070  00000E  00007E        70       1  COMMON      1
                text9                          00006E  0000C0  00012E        DC       0  CODE        2
                text2                          00012E  00011C  00024A       25C       0  CODE        2
                text15                         00024A  00025C  0004A6       494       0  CODE        2
                text5                          0004A6  000342  0007E8       94C       0  CODE        2
                cinit                          0007E8  000018  000800       FD0       0  CODE        2
                strings                        000800  000033  000833      1000       0  STRING      2
                maintext                       000CAD  00000E  000CBB      195A       0  CODE        2
                text12                         000CBB  000013  000CCE      1976       0  CODE        2
                inittext                       000CCE  000013  000CE1      199C       0  CODE        2
                idataBANK0                     000CE1  000013  000CF4      19C2       0  CODE        2
                text13                         000CF4  000014  000D08      19E8       0  CODE        2
                text11                         000D08  00001C  000D24      1A10       0  CODE        2
                text14                         000D24  000024  000D48      1A48       0  CODE        2
                text6                          000D48  000027  000D6F      1A90       0  CODE        2
                text7                          000D6F  000059  000DC8      1ADE       0  CODE        2
                text4                          000DC8  000076  000E3E      1B90       0  CODE        2
                text1                          000E3E  000079  000EB7      1C7C       0  CODE        2
                text10                         000EB7  0000A2  000F59      1D6E       0  CODE        2
                text3                          000F59  0000A7  001000      1EB2       0  CODE        2


UNUSED ADDRESS RANGES

        Name                Unused          Largest block    Delta
        BANK0            0066-006F              A           1
        BANK1            00A0-00EF             50           1
        BANK2            0110-016F             60           1
        BANK3            0190-01EF             60           1
        CODE             0003-000A              8           2
                         0833-0CAC            47A
                         1000-1FFF            800
        CONST            0003-000A              8           2
                         0833-0CAC            100
                         1000-1FFF            100
        EEDATA           2100-21FF            100           2
        ENTRY            0003-000A              8           2
                         0833-0CAC            100
                         1000-1FFF            100
        IDLOC            2000-2003              4           2
        RAM              0066-006F              A           1
                         00A0-00EF             50
                         0110-016F             60
                         0190-01EF             60
        SFR0             0000-001F             20           1
        SFR1             0080-009F             20           1
        SFR2             0100-010F             10           1
        SFR3             0180-018F             10           1
        STRCODE          0003-000A              8           2
                         0833-0CAC            47A
                         1000-1FFF           1000
        STRING           0003-000A              8           2
                         0833-0CAC            100
                         1000-1FFF            100

                                  Symbol Table

?__Umul8_16                   cstackCOMMON 0070
?___awdiv                     cstackCOMMON 0070
?___awmod                     cstackBANK0  003F
?___fladd                     cstackCOMMON 0070
?___flmul                     cstackBANK0  0020
?___flsub                     cstackBANK0  0028
?___fltol                     cstackBANK0  0035
Lcd_Command@i                 cstackCOMMON 0072
Lcd_Data@i                    cstackCOMMON 0072
Lcd_Write_String@str          cstackCOMMON 0073
_Lcd_Command                  text13       0CF4
_Lcd_Data                     text12       0CBB
_Lcd_Write_String             text11       0D08
_OPTION_REG                   (abs)        0081
_PORTB                        (abs)        0006
_PORTC                        (abs)        0007
_PORTD                        (abs)        0008
_TRISB                        (abs)        0086
_TRISC                        (abs)        0087
_TRISD                        (abs)        0088
__H__absolute__               __absolute__ 0000
__Habs1                       abs1         0000
__Hbank0                      bank0        0000
__Hbank1                      bank1        0000
__Hbank2                      bank2        0000
__Hbank3                      bank3        0000
__HbssBANK0                   bssBANK0     0000
__Hcinit                      cinit        0800
__Hclrtext                    clrtext      0000
__Hcode                       code         0000
__Hcommon                     common       0000
__Hconfig                     config       2008
__HcstackBANK0                cstackBANK0  0000
__HcstackCOMMON               cstackCOMMON 0000
__HdataBANK0                  dataBANK0    0000
__Heeprom_data                eeprom_data  0000
__Hend_init                   end_init     0003
__Hfunctab                    functab      0000
__Hheap                       heap         0000
__HidataBANK0                 idataBANK0   0000
__Hinit                       init         0000
__Hinittext                   inittext     0000
__Hintentry                   intentry     0000
__Hmaintext                   maintext     0000
__Hpowerup                    powerup      0000
__Hram                        ram          0000
__Hreset_vec                  reset_vec    0000
__Hsfr0                       sfr0         0000
__Hsfr1                       sfr1         0000
__Hsfr2                       sfr2         0000
__Hsfr3                       sfr3         0000
__Hsivt                       sivt         0000
__Hspace_0                    (abs)        1000
__Hspace_1                    (abs)        007E
__Hspace_2                    (abs)        0000
__Hspace_3                    (abs)        0000
__Hspace_4                    (abs)        400F
__Hstack                      stack        0000
__Hstrings                    strings      0000
__Htext                       text         0000
__L__absolute__               __absolute__ 0000
__Labs1                       abs1         0000
__Lbank0                      bank0        0000
__Lbank1                      bank1        0000
__Lbank2                      bank2        0000
__Lbank3                      bank3        0000
__LbssBANK0                   bssBANK0     0000
__Lcinit                      cinit        07E8
__Lclrtext                    clrtext      0000
__Lcode                       code         0000
__Lcommon                     common       0000
__Lconfig                     config       0000
__LcstackBANK0                cstackBANK0  0000
__LcstackCOMMON               cstackCOMMON 0000
__LdataBANK0                  dataBANK0    0000
__Leeprom_data                eeprom_data  0000
__Lend_init                   end_init     0000
__Lfunctab                    functab      0000
__Lheap                       heap         0000
__LidataBANK0                 idataBANK0   0000
__Linit                       init         0000
__Linittext                   inittext     0000
__Lintentry                   intentry     0000
__Lmaintext                   maintext     0000
__Lpowerup                    powerup      0000
__Lram                        ram          0000
__Lreset_vec                  reset_vec    0000
__Lsfr0                       sfr0         0000
__Lsfr1                       sfr1         0000
__Lsfr2                       sfr2         0000
__Lsfr3                       sfr3         0000
__Lsivt                       sivt         0000
__Lspace_0                    (abs)        0000
__Lspace_1                    (abs)        0000
__Lspace_2                    (abs)        0000
__Lspace_3                    (abs)        0000
__Lspace_4                    (abs)        0000
__Lstack                      stack        0000
__Lstrings                    strings      0000
__Ltext                       text         0000
__S0                          (abs)        1000
__S1                          (abs)        007E
__S3                          (abs)        0000
__Umul8_16                    text6        0D48
__Umul8_16@multiplicand       cstackCOMMON 0070
__Umul8_16@multiplier         cstackCOMMON 0078
__Umul8_16@product            cstackCOMMON 0074
__Umul8_16@word_mpld          cstackCOMMON 0076
___awdiv                      text8        000B
___awdiv@counter              cstackCOMMON 0074
___awdiv@dividend             cstackCOMMON 0072
___awdiv@divisor              cstackCOMMON 0070
___awdiv@quotient             cstackCOMMON 0076
___awdiv@sign                 cstackCOMMON 0075
___awmod                      text7        0D6F
___awmod@counter              cstackBANK0  0043
___awmod@dividend             cstackBANK0  0041
___awmod@divisor              cstackBANK0  003F
___awmod@sign                 cstackBANK0  0044
___fladd                      text15       024A
___fladd@a                    cstackCOMMON 0074
___fladd@aexp                 cstackCOMMON 0079
___fladd@b                    cstackCOMMON 0070
___fladd@bexp                 cstackCOMMON 007A
___fladd@grs                  cstackCOMMON 007B
___fladd@signs                cstackCOMMON 0078
___flge                       text10       0EB7
___flge@ff1                   cstackCOMMON 0070
___flge@ff2                   cstackCOMMON 0074
___flmul                      text5        04A6
___flmul@a                    cstackBANK0  0024
___flmul@aexp                 cstackBANK0  002D
___flmul@b                    cstackBANK0  0020
___flmul@bexp                 cstackBANK0  002E
___flmul@grs                  cstackBANK0  0029
___flmul@prod                 cstackBANK0  002F
___flmul@sign                 cstackBANK0  0028
___flmul@temp                 cstackBANK0  0033
___flsub                      text14       0D24
___flsub@a                    cstackBANK0  0028
___flsub@b                    cstackBANK0  002C
___fltol                      text4        0DC8
___fltol@exp1                 cstackBANK0  003E
___fltol@f1                   cstackBANK0  0035
___fltol@sign1                cstackBANK0  003D
___heap_hi                    (abs)        0000
___heap_lo                    (abs)        0000
___int_sp                     stack        0000
___int_stack_hi               stack        0000
___int_stack_lo               stack        0000
___latbits                    (abs)        0002
___sp                         stack        0000
___stack_hi                   stack        0000
___stack_lo                   stack        0000
___stackhi                    (abs)        0000
___stacklo                    (abs)        0000
__end_of_Lcd_Command          text13       0D08
__end_of_Lcd_Data             text12       0CCE
__end_of_Lcd_Write_String     text11       0D24
__end_of__Umul8_16            text6        0D6F
__end_of___awdiv              text8        006E
__end_of___awmod              text7        0DC8
__end_of___fladd              text15       04A6
__end_of___flge               text10       0F59
__end_of___flmul              text5        07E8
__end_of___flsub              text14       0D48
__end_of___fltol              text4        0E3E
__end_of__initialization      cinit        07FC
__end_of__stringtab           strings      0806
__end_of_buttonScan           text2        024A
__end_of_displayBatteryStatus text9        012E
__end_of_displayVoltage       text3        1000
__end_of_init                 text1        0EB7
__end_of_main                 maintext     0CBB
__initialization              cinit        07E8
__pbssBANK0                   bssBANK0     0060
__pcstackBANK0                cstackBANK0  0020
__pcstackCOMMON               cstackCOMMON 0070
__pdataBANK0                  dataBANK0    004D
__pidataBANK0                 idataBANK0   0CE1
__pmaintext                   maintext     0CAD
__pstrings                    strings      0800
__ptext1                      text1        0E3E
__ptext10                     text10       0EB7
__ptext11                     text11       0D08
__ptext12                     text12       0CBB
__ptext13                     text13       0CF4
__ptext14                     text14       0D24
__ptext15                     text15       024A
__ptext2                      text2        012E
__ptext3                      text3        0F59
__ptext4                      text4        0DC8
__ptext5                      text5        04A6
__ptext6                      text6        0D48
__ptext7                      text7        0D6F
__ptext8                      text8        000B
__ptext9                      text9        006E
__stringbase                  strings      0805
__stringtab                   strings      0800
_array                        dataBANK0    004D
_buttonScan                   text2        012E
_displayBatteryStatus         text9        006E
_displayVoltage               text3        0F59
_init                         text1        0E3E
_j                            dataBANK0    005C
_main                         maintext     0CAD
_value                        bssBANK0     0062
_x                            bssBANK0     0065
btemp                         (abs)        007E
displayBatteryStatus@voltage  cstackBANK0  0020
displayVoltage@decimalPart    cstackBANK0  0049
displayVoltage@intPart        cstackBANK0  004B
displayVoltage@voltage        cstackBANK0  0045
end_of_initialization         cinit        07FC
init_fetch0                   inittext     0CCE
init_ram0                     inittext     0CD2
intlevel0                     functab      0000
intlevel1                     functab      0000
intlevel2                     functab      0000
intlevel3                     functab      0000
intlevel4                     functab      0000
intlevel5                     functab      0000
reset_vec                     reset_vec    0000
start                         init         0000
start_initialization          cinit        07E8
wtemp0                        (abs)        007E


MODULE INFORMATION

Module		Function		Class		Link	Load	Size
C:\Program Files\Microchip\xc8\v3.00\pic\sources\c99\common\flge.c
		___flge        		CODE           	0EB7	0000	162

C:\Program Files\Microchip\xc8\v3.00\pic\sources\c99\common\flge.c estimated size: 162

Task_Bat.c
		_Lcd_Write_String		CODE           	0D08	0000	28
		_init          		CODE           	0E3E	0000	121
		_Lcd_Command   		CODE           	0CF4	0000	20
		_main          		CODE           	0CAD	0000	14
		_Lcd_Data      		CODE           	0CBB	0000	19
		_displayVoltage		CODE           	0F59	0000	167
		_buttonScan    		CODE           	012E	0000	284
		_displayBatteryStatus		CODE           	006E	0000	192

Task_Bat.c estimated size: 845

C:\Program Files\Microchip\xc8\v3.00\pic\sources\c99\common\awmod.c
		___awmod       		CODE           	0D6F	0000	89

C:\Program Files\Microchip\xc8\v3.00\pic\sources\c99\common\awmod.c estimated size: 89

C:\Program Files\Microchip\xc8\v3.00\pic\sources\c99\common\sprcmul.c
		___flmul       		CODE           	04A6	0000	834

C:\Program Files\Microchip\xc8\v3.00\pic\sources\c99\common\sprcmul.c estimated size: 834

shared
		__stringtab    		STRING         	0800	0000	6
		__initialization		CODE           	07E8	0000	20

shared estimated size: 26

C:\Program Files\Microchip\xc8\v3.00\pic\sources\c99\common\awdiv.c
		___awdiv       		CODE           	000B	0000	99

C:\Program Files\Microchip\xc8\v3.00\pic\sources\c99\common\awdiv.c estimated size: 99

C:\Program Files\Microchip\xc8\v3.00\pic\sources\c99\common\fltol.c
		___fltol       		CODE           	0DC8	0000	118

C:\Program Files\Microchip\xc8\v3.00\pic\sources\c99\common\fltol.c estimated size: 118

C:\Program Files\Microchip\xc8\v3.00\pic\sources\c99\common\sprcadd.c
		___flsub       		CODE           	0D24	0000	36
		___fladd       		CODE           	024A	0000	604

C:\Program Files\Microchip\xc8\v3.00\pic\sources\c99\common\sprcadd.c estimated size: 640

C:\Program Files\Microchip\xc8\v3.00\pic\sources\c99\common\Umul8_16.c
		__Umul8_16     		CODE           	0D48	0000	39

C:\Program Files\Microchip\xc8\v3.00\pic\sources\c99\common\Umul8_16.c estimated size: 39

